// Jest Snapshot v1, https://goo.gl/fbAQLP

exports[`# generate ## generateFileData ### should generate template file 1`] = `"some template"`;

exports[`# generate ## manageFileNames ### should return filenames for absolute filename with output options 1`] = `"/test"`;

exports[`# generate ## manageFileNames ### should return filenames for filename with no options 1`] = `"test"`;

exports[`# generate ## manageFileNames ### should return filenames for filename with output options 1`] = `"some/directory/test"`;
